..................
----------------------------------------------------------------------
Ran 18 tests in 1.303s

OK
